2020-09-30 20:29:57,332: DEBUG:  nabil sent a torrent link 1 times 
2020-09-30 20:29:58,544: DEBUG:  nabil sent a torrent link 2 times 
2020-09-30 20:29:59,713: DEBUG:  nabil sent a torrent link 3 times 
2020-09-30 20:35:57,406: DEBUG:  heyo sent a torrent link 1 times 
2020-09-30 20:35:59,790: DEBUG:  heyo sent a torrent link 2 times 
2020-09-30 20:36:00,973: DEBUG:  heyo sent a torrent link 3 times 
2020-09-30 20:37:58,334: DEBUG:  api sent a torrent link 1 times 
2020-09-30 20:37:59,389: DEBUG:  api sent a torrent link 2 times 
2020-09-30 20:38:00,501: DEBUG:  api sent a torrent link 3 times 
2020-09-30 20:39:18,348: DEBUG:  ju sent a torrent link 1 times 
2020-09-30 20:39:19,444: DEBUG:  ju sent a torrent link 2 times 
2020-09-30 20:39:20,796: DEBUG:  ju sent a torrent link 3 times 
2020-10-01 12:32:52,930: DEBUG:  vm sent a torrent link 1 times 
